[INFO] Scanning for projects...
[INFO] 
[INFO] ----------------------< com.hospital:hms-backend >----------------------
[INFO] Building Hospital Management System 1.0.0
[INFO]   from pom.xml
[INFO] --------------------------------[ jar ]---------------------------------
[INFO] 
[INFO] --- compiler:3.11.0:compile (default-cli) @ hms-backend ---
[INFO] Changes detected - recompiling the module! :source
[INFO] Compiling 330 source files with javac [debug release 17] to target\classes
[INFO] Annotation processing is enabled because one or more processors were found
  on the class path. A future release of javac may disable annotation processing
  unless at least one processor is specified by name (-processor), or a search
  path is specified (--processor-path, --processor-module-path), or annotation
  processing is enabled explicitly (-proc:only, -proc:full).
  Use -Xlint:-options to suppress this message.
  Use -proc:none to disable annotation processing.
[INFO] -------------------------------------------------------------
[ERROR] COMPILATION ERROR : 
[INFO] -------------------------------------------------------------
[ERROR] /E:/PCC_General_Hospital/backend/src/main/java/com/hospital/superadmin/controller/SuperAdminController.java:[50,39] cannot access com.hospital.superadmin.dto.SystemHealthDTO
  bad source file: E:\PCC_General_Hospital\backend\src\main\java\com\hospital\superadmin\dto\SystemHealthDTO.java
    file does not contain class com.hospital.superadmin.dto.SystemHealthDTO
    Please remove or make sure it appears in the correct subdirectory of the sourcepath.
[ERROR] /E:/PCC_General_Hospital/backend/src/main/java/com/hospital/superadmin/service/impl/SuperAdminServiceImpl.java:[6,43] cannot access com.hospital.multibranch.repository.BranchRepository
  bad source file: E:\PCC_General_Hospital\backend\src\main\java\com\hospital\multibranch\repository\BranchRepository.java
    file does not contain class com.hospital.multibranch.repository.BranchRepository
    Please remove or make sure it appears in the correct subdirectory of the sourcepath.
[ERROR] /E:/PCC_General_Hospital/backend/src/main/java/com/hospital/superadmin/service/impl/SuperAdminServiceImpl.java:[9,36] cannot access com.hospital.auth.repository.UserRepository
  bad source file: E:\PCC_General_Hospital\backend\src\main\java\com\hospital\auth\repository\UserRepository.java
    file does not contain class com.hospital.auth.repository.UserRepository
    Please remove or make sure it appears in the correct subdirectory of the sourcepath.
[ERROR] /E:/PCC_General_Hospital/backend/src/main/java/com/hospital/superadmin/service/impl/SuperAdminServiceImpl.java:[10,36] cannot access com.hospital.auth.repository.RoleRepository
  bad source file: E:\PCC_General_Hospital\backend\src\main\java\com\hospital\auth\repository\RoleRepository.java
    file does not contain class com.hospital.auth.repository.RoleRepository
    Please remove or make sure it appears in the correct subdirectory of the sourcepath.
[ERROR] /E:/PCC_General_Hospital/backend/src/main/java/com/hospital/superadmin/controller/SuperAdminController.java:[5,31] package com.hospital.common.dto does not exist
[ERROR] /E:/PCC_General_Hospital/backend/src/main/java/com/hospital/superadmin/controller/SuperAdminController.java:[6,36] package com.hospital.common.security does not exist
[ERROR] /E:/PCC_General_Hospital/backend/src/main/java/com/hospital/superadmin/controller/SuperAdminController.java:[7,36] package com.hospital.common.security does not exist
[ERROR] /E:/PCC_General_Hospital/backend/src/main/java/com/hospital/superadmin/controller/SuperAdminController.java:[35,27] cannot find symbol
  symbol:   class ApiResponse
  location: class com.hospital.superadmin.controller.SuperAdminController
[ERROR] /E:/PCC_General_Hospital/backend/src/main/java/com/hospital/superadmin/controller/SuperAdminController.java:[35,39] cannot find symbol
  symbol:   class DashboardStatsDTO
  location: class com.hospital.superadmin.controller.SuperAdminController
[ERROR] /E:/PCC_General_Hospital/backend/src/main/java/com/hospital/superadmin/controller/SuperAdminController.java:[42,27] cannot find symbol
  symbol:   class ApiResponse
  location: class com.hospital.superadmin.controller.SuperAdminController
[ERROR] /E:/PCC_General_Hospital/backend/src/main/java/com/hospital/superadmin/controller/SuperAdminController.java:[42,44] cannot find symbol
  symbol:   class ActivityDTO
  location: class com.hospital.superadmin.controller.SuperAdminController
[ERROR] /E:/PCC_General_Hospital/backend/src/main/java/com/hospital/superadmin/controller/SuperAdminController.java:[50,27] cannot find symbol
  symbol:   class ApiResponse
  location: class com.hospital.superadmin.controller.SuperAdminController
[ERROR] /E:/PCC_General_Hospital/backend/src/main/java/com/hospital/superadmin/controller/SuperAdminController.java:[59,27] cannot find symbol
  symbol:   class ApiResponse
  location: class com.hospital.superadmin.controller.SuperAdminController
[ERROR] /E:/PCC_General_Hospital/backend/src/main/java/com/hospital/superadmin/controller/SuperAdminController.java:[59,44] cannot find symbol
  symbol:   class BranchDTO
  location: class com.hospital.superadmin.controller.SuperAdminController
[ERROR] /E:/PCC_General_Hospital/backend/src/main/java/com/hospital/superadmin/controller/SuperAdminController.java:[66,27] cannot find symbol
  symbol:   class ApiResponse
  location: class com.hospital.superadmin.controller.SuperAdminController
[ERROR] /E:/PCC_General_Hospital/backend/src/main/java/com/hospital/superadmin/controller/SuperAdminController.java:[66,39] cannot find symbol
  symbol:   class BranchDTO
  location: class com.hospital.superadmin.controller.SuperAdminController
[ERROR] /E:/PCC_General_Hospital/backend/src/main/java/com/hospital/superadmin/controller/SuperAdminController.java:[74,33] cannot find symbol
  symbol:   class CreateBranchRequest
  location: class com.hospital.superadmin.controller.SuperAdminController
[ERROR] /E:/PCC_General_Hospital/backend/src/main/java/com/hospital/superadmin/controller/SuperAdminController.java:[75,26] cannot find symbol
  symbol:   class UserPrincipal
  location: class com.hospital.superadmin.controller.SuperAdminController
[ERROR] /E:/PCC_General_Hospital/backend/src/main/java/com/hospital/superadmin/controller/SuperAdminController.java:[73,27] cannot find symbol
  symbol:   class ApiResponse
  location: class com.hospital.superadmin.controller.SuperAdminController
[ERROR] /E:/PCC_General_Hospital/backend/src/main/java/com/hospital/superadmin/controller/SuperAdminController.java:[73,39] cannot find symbol
  symbol:   class BranchDTO
  location: class com.hospital.superadmin.controller.SuperAdminController
[ERROR] /E:/PCC_General_Hospital/backend/src/main/java/com/hospital/superadmin/controller/SuperAdminController.java:[84,33] cannot find symbol
  symbol:   class UpdateBranchRequest
  location: class com.hospital.superadmin.controller.SuperAdminController
[ERROR] /E:/PCC_General_Hospital/backend/src/main/java/com/hospital/superadmin/controller/SuperAdminController.java:[85,26] cannot find symbol
  symbol:   class UserPrincipal
  location: class com.hospital.superadmin.controller.SuperAdminController
[ERROR] /E:/PCC_General_Hospital/backend/src/main/java/com/hospital/superadmin/controller/SuperAdminController.java:[82,27] cannot find symbol
  symbol:   class ApiResponse
  location: class com.hospital.superadmin.controller.SuperAdminController
[ERROR] /E:/PCC_General_Hospital/backend/src/main/java/com/hospital/superadmin/controller/SuperAdminController.java:[82,39] cannot find symbol
  symbol:   class BranchDTO
  location: class com.hospital.superadmin.controller.SuperAdminController
[ERROR] /E:/PCC_General_Hospital/backend/src/main/java/com/hospital/superadmin/controller/SuperAdminController.java:[92,27] cannot find symbol
  symbol:   class ApiResponse
  location: class com.hospital.superadmin.controller.SuperAdminController
[ERROR] /E:/PCC_General_Hospital/backend/src/main/java/com/hospital/superadmin/controller/SuperAdminController.java:[101,27] cannot find symbol
  symbol:   class ApiResponse
  location: class com.hospital.superadmin.controller.SuperAdminController
[ERROR] /E:/PCC_General_Hospital/backend/src/main/java/com/hospital/superadmin/controller/SuperAdminController.java:[101,39] cannot find symbol
  symbol:   class BranchStatsDTO
  location: class com.hospital.superadmin.controller.SuperAdminController
[ERROR] /E:/PCC_General_Hospital/backend/src/main/java/com/hospital/superadmin/controller/SuperAdminController.java:[110,27] cannot find symbol
  symbol:   class ApiResponse
  location: class com.hospital.superadmin.controller.SuperAdminController
[ERROR] /E:/PCC_General_Hospital/backend/src/main/java/com/hospital/superadmin/controller/SuperAdminController.java:[110,44] cannot find symbol
  symbol:   class UserDTO
  location: class com.hospital.superadmin.controller.SuperAdminController
[ERROR] /E:/PCC_General_Hospital/backend/src/main/java/com/hospital/superadmin/controller/SuperAdminController.java:[121,27] cannot find symbol
  symbol:   class ApiResponse
  location: class com.hospital.superadmin.controller.SuperAdminController
[ERROR] /E:/PCC_General_Hospital/backend/src/main/java/com/hospital/superadmin/controller/SuperAdminController.java:[121,39] cannot find symbol
  symbol:   class UserDTO
  location: class com.hospital.superadmin.controller.SuperAdminController
[ERROR] /E:/PCC_General_Hospital/backend/src/main/java/com/hospital/superadmin/controller/SuperAdminController.java:[129,33] cannot find symbol
  symbol:   class CreateBranchAdminRequest
  location: class com.hospital.superadmin.controller.SuperAdminController
[ERROR] /E:/PCC_General_Hospital/backend/src/main/java/com/hospital/superadmin/controller/SuperAdminController.java:[130,26] cannot find symbol
  symbol:   class UserPrincipal
  location: class com.hospital.superadmin.controller.SuperAdminController
[ERROR] /E:/PCC_General_Hospital/backend/src/main/java/com/hospital/superadmin/controller/SuperAdminController.java:[128,27] cannot find symbol
  symbol:   class ApiResponse
  location: class com.hospital.superadmin.controller.SuperAdminController
[ERROR] /E:/PCC_General_Hospital/backend/src/main/java/com/hospital/superadmin/controller/SuperAdminController.java:[128,39] cannot find symbol
  symbol:   class UserDTO
  location: class com.hospital.superadmin.controller.SuperAdminController
[ERROR] /E:/PCC_General_Hospital/backend/src/main/java/com/hospital/superadmin/controller/SuperAdminController.java:[138,33] cannot find symbol
  symbol:   class CreateCentralPharmacyAdminRequest
  location: class com.hospital.superadmin.controller.SuperAdminController
[ERROR] /E:/PCC_General_Hospital/backend/src/main/java/com/hospital/superadmin/controller/SuperAdminController.java:[139,26] cannot find symbol
  symbol:   class UserPrincipal
  location: class com.hospital.superadmin.controller.SuperAdminController
[ERROR] /E:/PCC_General_Hospital/backend/src/main/java/com/hospital/superadmin/controller/SuperAdminController.java:[137,27] cannot find symbol
  symbol:   class ApiResponse
  location: class com.hospital.superadmin.controller.SuperAdminController
[ERROR] /E:/PCC_General_Hospital/backend/src/main/java/com/hospital/superadmin/controller/SuperAdminController.java:[137,39] cannot find symbol
  symbol:   class UserDTO
  location: class com.hospital.superadmin.controller.SuperAdminController
[ERROR] /E:/PCC_General_Hospital/backend/src/main/java/com/hospital/superadmin/controller/SuperAdminController.java:[148,33] cannot find symbol
  symbol:   class UpdateUserRequest
  location: class com.hospital.superadmin.controller.SuperAdminController
[ERROR] /E:/PCC_General_Hospital/backend/src/main/java/com/hospital/superadmin/controller/SuperAdminController.java:[149,26] cannot find symbol
  symbol:   class UserPrincipal
  location: class com.hospital.superadmin.controller.SuperAdminController
[ERROR] /E:/PCC_General_Hospital/backend/src/main/java/com/hospital/superadmin/controller/SuperAdminController.java:[146,27] cannot find symbol
  symbol:   class ApiResponse
  location: class com.hospital.superadmin.controller.SuperAdminController
[ERROR] /E:/PCC_General_Hospital/backend/src/main/java/com/hospital/superadmin/controller/SuperAdminController.java:[146,39] cannot find symbol
  symbol:   class UserDTO
  location: class com.hospital.superadmin.controller.SuperAdminController
[ERROR] /E:/PCC_General_Hospital/backend/src/main/java/com/hospital/superadmin/controller/SuperAdminController.java:[159,26] cannot find symbol
  symbol:   class UserPrincipal
  location: class com.hospital.superadmin.controller.SuperAdminController
[ERROR] /E:/PCC_General_Hospital/backend/src/main/java/com/hospital/superadmin/controller/SuperAdminController.java:[156,27] cannot find symbol
  symbol:   class ApiResponse
  location: class com.hospital.superadmin.controller.SuperAdminController
[ERROR] /E:/PCC_General_Hospital/backend/src/main/java/com/hospital/superadmin/controller/SuperAdminController.java:[156,39] cannot find symbol
  symbol:   class UserDTO
  location: class com.hospital.superadmin.controller.SuperAdminController
[ERROR] /E:/PCC_General_Hospital/backend/src/main/java/com/hospital/superadmin/controller/SuperAdminController.java:[170,26] cannot find symbol
  symbol:   class UserPrincipal
  location: class com.hospital.superadmin.controller.SuperAdminController
[ERROR] /E:/PCC_General_Hospital/backend/src/main/java/com/hospital/superadmin/controller/SuperAdminController.java:[168,27] cannot find symbol
  symbol:   class ApiResponse
  location: class com.hospital.superadmin.controller.SuperAdminController
[ERROR] /E:/PCC_General_Hospital/backend/src/main/java/com/hospital/superadmin/controller/SuperAdminController.java:[168,39] cannot find symbol
  symbol:   class PasswordResetDTO
  location: class com.hospital.superadmin.controller.SuperAdminController
[ERROR] /E:/PCC_General_Hospital/backend/src/main/java/com/hospital/superadmin/controller/SuperAdminController.java:[179,27] cannot find symbol
  symbol:   class ApiResponse
  location: class com.hospital.superadmin.controller.SuperAdminController
[ERROR] /E:/PCC_General_Hospital/backend/src/main/java/com/hospital/superadmin/controller/SuperAdminController.java:[179,44] cannot find symbol
  symbol:   class RoleDTO
  location: class com.hospital.superadmin.controller.SuperAdminController
[ERROR] /E:/PCC_General_Hospital/backend/src/main/java/com/hospital/superadmin/controller/SuperAdminController.java:[186,27] cannot find symbol
  symbol:   class ApiResponse
  location: class com.hospital.superadmin.controller.SuperAdminController
[ERROR] /E:/PCC_General_Hospital/backend/src/main/java/com/hospital/superadmin/controller/SuperAdminController.java:[186,44] cannot find symbol
  symbol:   class PermissionDTO
  location: class com.hospital.superadmin.controller.SuperAdminController
[ERROR] /E:/PCC_General_Hospital/backend/src/main/java/com/hospital/superadmin/controller/SuperAdminController.java:[196,26] cannot find symbol
  symbol:   class UserPrincipal
  location: class com.hospital.superadmin.controller.SuperAdminController
[ERROR] /E:/PCC_General_Hospital/backend/src/main/java/com/hospital/superadmin/controller/SuperAdminController.java:[193,27] cannot find symbol
  symbol:   class ApiResponse
  location: class com.hospital.superadmin.controller.SuperAdminController
[ERROR] /E:/PCC_General_Hospital/backend/src/main/java/com/hospital/superadmin/controller/SuperAdminController.java:[205,27] cannot find symbol
  symbol:   class ApiResponse
  location: class com.hospital.superadmin.controller.SuperAdminController
[ERROR] /E:/PCC_General_Hospital/backend/src/main/java/com/hospital/superadmin/controller/SuperAdminController.java:[205,44] cannot find symbol
  symbol:   class BranchComparisonDTO
  location: class com.hospital.superadmin.controller.SuperAdminController
[ERROR] /E:/PCC_General_Hospital/backend/src/main/java/com/hospital/superadmin/controller/SuperAdminController.java:[212,27] cannot find symbol
  symbol:   class ApiResponse
  location: class com.hospital.superadmin.controller.SuperAdminController
[ERROR] /E:/PCC_General_Hospital/backend/src/main/java/com/hospital/superadmin/controller/SuperAdminController.java:[212,44] cannot find symbol
  symbol:   class UserActivityReportDTO
  location: class com.hospital.superadmin.controller.SuperAdminController
[ERROR] /E:/PCC_General_Hospital/backend/src/main/java/com/hospital/superadmin/controller/SuperAdminController.java:[237,27] cannot find symbol
  symbol:   class ApiResponse
  location: class com.hospital.superadmin.controller.SuperAdminController
[ERROR] /E:/PCC_General_Hospital/backend/src/main/java/com/hospital/superadmin/controller/SuperAdminController.java:[237,44] cannot find symbol
  symbol:   class AuditLogDTO
  location: class com.hospital.superadmin.controller.SuperAdminController
[ERROR] /E:/PCC_General_Hospital/backend/src/main/java/com/hospital/superadmin/controller/SuperAdminController.java:[251,27] cannot find symbol
  symbol:   class ApiResponse
  location: class com.hospital.superadmin.controller.SuperAdminController
[ERROR] /E:/PCC_General_Hospital/backend/src/main/java/com/hospital/superadmin/controller/SuperAdminController.java:[251,39] cannot find symbol
  symbol:   class SystemSettingsDTO
  location: class com.hospital.superadmin.controller.SuperAdminController
[ERROR] /E:/PCC_General_Hospital/backend/src/main/java/com/hospital/superadmin/controller/SuperAdminController.java:[259,33] cannot find symbol
  symbol:   class UpdateSystemSettingsRequest
  location: class com.hospital.superadmin.controller.SuperAdminController
[ERROR] /E:/PCC_General_Hospital/backend/src/main/java/com/hospital/superadmin/controller/SuperAdminController.java:[260,26] cannot find symbol
  symbol:   class UserPrincipal
  location: class com.hospital.superadmin.controller.SuperAdminController
[ERROR] /E:/PCC_General_Hospital/backend/src/main/java/com/hospital/superadmin/controller/SuperAdminController.java:[258,27] cannot find symbol
  symbol:   class ApiResponse
  location: class com.hospital.superadmin.controller.SuperAdminController
[ERROR] /E:/PCC_General_Hospital/backend/src/main/java/com/hospital/superadmin/controller/SuperAdminController.java:[258,39] cannot find symbol
  symbol:   class SystemSettingsDTO
  location: class com.hospital.superadmin.controller.SuperAdminController
[ERROR] /E:/PCC_General_Hospital/backend/src/main/java/com/hospital/superadmin/controller/SuperAdminController.java:[269,77] cannot find symbol
  symbol:   class UserPrincipal
  location: class com.hospital.superadmin.controller.SuperAdminController
[ERROR] /E:/PCC_General_Hospital/backend/src/main/java/com/hospital/superadmin/controller/SuperAdminController.java:[269,27] cannot find symbol
  symbol:   class ApiResponse
  location: class com.hospital.superadmin.controller.SuperAdminController
[ERROR] /E:/PCC_General_Hospital/backend/src/main/java/com/hospital/superadmin/controller/SuperAdminController.java:[269,39] cannot find symbol
  symbol:   class BackupDTO
  location: class com.hospital.superadmin.controller.SuperAdminController
[ERROR] /E:/PCC_General_Hospital/backend/src/main/java/com/hospital/superadmin/controller/SuperAdminController.java:[276,27] cannot find symbol
  symbol:   class ApiResponse
  location: class com.hospital.superadmin.controller.SuperAdminController
[ERROR] /E:/PCC_General_Hospital/backend/src/main/java/com/hospital/superadmin/controller/SuperAdminController.java:[276,44] cannot find symbol
  symbol:   class BackupDTO
  location: class com.hospital.superadmin.controller.SuperAdminController
[ERROR] /E:/PCC_General_Hospital/backend/src/main/java/com/hospital/superadmin/controller/SuperAdminController.java:[285,26] cannot find symbol
  symbol:   class UserPrincipal
  location: class com.hospital.superadmin.controller.SuperAdminController
[ERROR] /E:/PCC_General_Hospital/backend/src/main/java/com/hospital/superadmin/controller/SuperAdminController.java:[283,27] cannot find symbol
  symbol:   class ApiResponse
  location: class com.hospital.superadmin.controller.SuperAdminController
[ERROR] /E:/PCC_General_Hospital/backend/src/main/java/com/hospital/superadmin/service/SuperAdminService.java:[13,5] cannot find symbol
  symbol:   class DashboardStatsDTO
  location: interface com.hospital.superadmin.service.SuperAdminService
[ERROR] /E:/PCC_General_Hospital/backend/src/main/java/com/hospital/superadmin/service/SuperAdminService.java:[15,10] cannot find symbol
  symbol:   class ActivityDTO
  location: interface com.hospital.superadmin.service.SuperAdminService
[ERROR] /E:/PCC_General_Hospital/backend/src/main/java/com/hospital/superadmin/service/SuperAdminService.java:[17,5] cannot find symbol
  symbol:   class SystemHealthDTO
  location: interface com.hospital.superadmin.service.SuperAdminService
[ERROR] /E:/PCC_General_Hospital/backend/src/main/java/com/hospital/superadmin/service/SuperAdminService.java:[20,10] cannot find symbol
  symbol:   class BranchDTO
  location: interface com.hospital.superadmin.service.SuperAdminService
[ERROR] /E:/PCC_General_Hospital/backend/src/main/java/com/hospital/superadmin/service/SuperAdminService.java:[22,5] cannot find symbol
  symbol:   class BranchDTO
  location: interface com.hospital.superadmin.service.SuperAdminService
[ERROR] /E:/PCC_General_Hospital/backend/src/main/java/com/hospital/superadmin/service/SuperAdminService.java:[24,28] cannot find symbol
  symbol:   class CreateBranchRequest
  location: interface com.hospital.superadmin.service.SuperAdminService
[ERROR] /E:/PCC_General_Hospital/backend/src/main/java/com/hospital/superadmin/service/SuperAdminService.java:[24,5] cannot find symbol
  symbol:   class BranchDTO
  location: interface com.hospital.superadmin.service.SuperAdminService
[ERROR] /E:/PCC_General_Hospital/backend/src/main/java/com/hospital/superadmin/service/SuperAdminService.java:[26,37] cannot find symbol
  symbol:   class UpdateBranchRequest
  location: interface com.hospital.superadmin.service.SuperAdminService
[ERROR] /E:/PCC_General_Hospital/backend/src/main/java/com/hospital/superadmin/service/SuperAdminService.java:[26,5] cannot find symbol
  symbol:   class BranchDTO
  location: interface com.hospital.superadmin.service.SuperAdminService
[ERROR] /E:/PCC_General_Hospital/backend/src/main/java/com/hospital/superadmin/service/SuperAdminService.java:[30,5] cannot find symbol
  symbol:   class BranchStatsDTO
  location: interface com.hospital.superadmin.service.SuperAdminService
[ERROR] /E:/PCC_General_Hospital/backend/src/main/java/com/hospital/superadmin/service/SuperAdminService.java:[33,10] cannot find symbol
  symbol:   class UserDTO
  location: interface com.hospital.superadmin.service.SuperAdminService
[ERROR] /E:/PCC_General_Hospital/backend/src/main/java/com/hospital/superadmin/service/SuperAdminService.java:[35,5] cannot find symbol
  symbol:   class UserDTO
  location: interface com.hospital.superadmin.service.SuperAdminService
[ERROR] /E:/PCC_General_Hospital/backend/src/main/java/com/hospital/superadmin/service/SuperAdminService.java:[37,31] cannot find symbol
  symbol:   class CreateBranchAdminRequest
  location: interface com.hospital.superadmin.service.SuperAdminService
[ERROR] /E:/PCC_General_Hospital/backend/src/main/java/com/hospital/superadmin/service/SuperAdminService.java:[37,5] cannot find symbol
  symbol:   class UserDTO
  location: interface com.hospital.superadmin.service.SuperAdminService
[ERROR] /E:/PCC_General_Hospital/backend/src/main/java/com/hospital/superadmin/service/SuperAdminService.java:[39,40] cannot find symbol
  symbol:   class CreateCentralPharmacyAdminRequest
  location: interface com.hospital.superadmin.service.SuperAdminService
[ERROR] /E:/PCC_General_Hospital/backend/src/main/java/com/hospital/superadmin/service/SuperAdminService.java:[39,5] cannot find symbol
  symbol:   class UserDTO
  location: interface com.hospital.superadmin.service.SuperAdminService
[ERROR] /E:/PCC_General_Hospital/backend/src/main/java/com/hospital/superadmin/service/SuperAdminService.java:[41,33] cannot find symbol
  symbol:   class UpdateUserRequest
  location: interface com.hospital.superadmin.service.SuperAdminService
[ERROR] /E:/PCC_General_Hospital/backend/src/main/java/com/hospital/superadmin/service/SuperAdminService.java:[41,5] cannot find symbol
  symbol:   class UserDTO
  location: interface com.hospital.superadmin.service.SuperAdminService
[ERROR] /E:/PCC_General_Hospital/backend/src/main/java/com/hospital/superadmin/service/SuperAdminService.java:[43,5] cannot find symbol
  symbol:   class UserDTO
  location: interface com.hospital.superadmin.service.SuperAdminService
[ERROR] /E:/PCC_General_Hospital/backend/src/main/java/com/hospital/superadmin/service/SuperAdminService.java:[45,5] cannot find symbol
  symbol:   class PasswordResetDTO
  location: interface com.hospital.superadmin.service.SuperAdminService
[ERROR] /E:/PCC_General_Hospital/backend/src/main/java/com/hospital/superadmin/service/SuperAdminService.java:[48,10] cannot find symbol
  symbol:   class RoleDTO
  location: interface com.hospital.superadmin.service.SuperAdminService
[ERROR] /E:/PCC_General_Hospital/backend/src/main/java/com/hospital/superadmin/service/SuperAdminService.java:[50,10] cannot find symbol
  symbol:   class PermissionDTO
  location: interface com.hospital.superadmin.service.SuperAdminService
[ERROR] /E:/PCC_General_Hospital/backend/src/main/java/com/hospital/superadmin/service/SuperAdminService.java:[55,10] cannot find symbol
  symbol:   class BranchComparisonDTO
  location: interface com.hospital.superadmin.service.SuperAdminService
[ERROR] /E:/PCC_General_Hospital/backend/src/main/java/com/hospital/superadmin/service/SuperAdminService.java:[57,10] cannot find symbol
  symbol:   class UserActivityReportDTO
  location: interface com.hospital.superadmin.service.SuperAdminService
[ERROR] /E:/PCC_General_Hospital/backend/src/main/java/com/hospital/superadmin/service/SuperAdminService.java:[62,10] cannot find symbol
  symbol:   class AuditLogDTO
  location: interface com.hospital.superadmin.service.SuperAdminService
[ERROR] /E:/PCC_General_Hospital/backend/src/main/java/com/hospital/superadmin/service/SuperAdminService.java:[66,5] cannot find symbol
  symbol:   class SystemSettingsDTO
  location: interface com.hospital.superadmin.service.SuperAdminService
[INFO] 100 errors 
[INFO] -------------------------------------------------------------
[INFO] ------------------------------------------------------------------------
[INFO] BUILD FAILURE
[INFO] ------------------------------------------------------------------------
[INFO] Total time:  2.182 s
[INFO] Finished at: 2026-03-09T19:31:53+01:00
[INFO] ------------------------------------------------------------------------
[ERROR] Failed to execute goal org.apache.maven.plugins:maven-compiler-plugin:3.11.0:compile (default-cli) on project hms-backend: Compilation failure: Compilation failure: 
[ERROR] /E:/PCC_General_Hospital/backend/src/main/java/com/hospital/superadmin/controller/SuperAdminController.java:[50,39] cannot access com.hospital.superadmin.dto.SystemHealthDTO
[ERROR]   bad source file: E:\PCC_General_Hospital\backend\src\main\java\com\hospital\superadmin\dto\SystemHealthDTO.java
[ERROR]     file does not contain class com.hospital.superadmin.dto.SystemHealthDTO
[ERROR]     Please remove or make sure it appears in the correct subdirectory of the sourcepath.
[ERROR] /E:/PCC_General_Hospital/backend/src/main/java/com/hospital/superadmin/service/impl/SuperAdminServiceImpl.java:[6,43] cannot access com.hospital.multibranch.repository.BranchRepository
[ERROR]   bad source file: E:\PCC_General_Hospital\backend\src\main\java\com\hospital\multibranch\repository\BranchRepository.java
[ERROR]     file does not contain class com.hospital.multibranch.repository.BranchRepository
[ERROR]     Please remove or make sure it appears in the correct subdirectory of the sourcepath.
[ERROR] /E:/PCC_General_Hospital/backend/src/main/java/com/hospital/superadmin/service/impl/SuperAdminServiceImpl.java:[9,36] cannot access com.hospital.auth.repository.UserRepository
[ERROR]   bad source file: E:\PCC_General_Hospital\backend\src\main\java\com\hospital\auth\repository\UserRepository.java
[ERROR]     file does not contain class com.hospital.auth.repository.UserRepository
[ERROR]     Please remove or make sure it appears in the correct subdirectory of the sourcepath.
[ERROR] /E:/PCC_General_Hospital/backend/src/main/java/com/hospital/superadmin/service/impl/SuperAdminServiceImpl.java:[10,36] cannot access com.hospital.auth.repository.RoleRepository
[ERROR]   bad source file: E:\PCC_General_Hospital\backend\src\main\java\com\hospital\auth\repository\RoleRepository.java
[ERROR]     file does not contain class com.hospital.auth.repository.RoleRepository
[ERROR]     Please remove or make sure it appears in the correct subdirectory of the sourcepath.
[ERROR] /E:/PCC_General_Hospital/backend/src/main/java/com/hospital/superadmin/controller/SuperAdminController.java:[5,31] package com.hospital.common.dto does not exist
[ERROR] /E:/PCC_General_Hospital/backend/src/main/java/com/hospital/superadmin/controller/SuperAdminController.java:[6,36] package com.hospital.common.security does not exist
[ERROR] /E:/PCC_General_Hospital/backend/src/main/java/com/hospital/superadmin/controller/SuperAdminController.java:[7,36] package com.hospital.common.security does not exist
[ERROR] /E:/PCC_General_Hospital/backend/src/main/java/com/hospital/superadmin/controller/SuperAdminController.java:[35,27] cannot find symbol
[ERROR]   symbol:   class ApiResponse
[ERROR]   location: class com.hospital.superadmin.controller.SuperAdminController
[ERROR] /E:/PCC_General_Hospital/backend/src/main/java/com/hospital/superadmin/controller/SuperAdminController.java:[35,39] cannot find symbol
[ERROR]   symbol:   class DashboardStatsDTO
[ERROR]   location: class com.hospital.superadmin.controller.SuperAdminController
[ERROR] /E:/PCC_General_Hospital/backend/src/main/java/com/hospital/superadmin/controller/SuperAdminController.java:[42,27] cannot find symbol
[ERROR]   symbol:   class ApiResponse
[ERROR]   location: class com.hospital.superadmin.controller.SuperAdminController
[ERROR] /E:/PCC_General_Hospital/backend/src/main/java/com/hospital/superadmin/controller/SuperAdminController.java:[42,44] cannot find symbol
[ERROR]   symbol:   class ActivityDTO
[ERROR]   location: class com.hospital.superadmin.controller.SuperAdminController
[ERROR] /E:/PCC_General_Hospital/backend/src/main/java/com/hospital/superadmin/controller/SuperAdminController.java:[50,27] cannot find symbol
[ERROR]   symbol:   class ApiResponse
[ERROR]   location: class com.hospital.superadmin.controller.SuperAdminController
[ERROR] /E:/PCC_General_Hospital/backend/src/main/java/com/hospital/superadmin/controller/SuperAdminController.java:[59,27] cannot find symbol
[ERROR]   symbol:   class ApiResponse
[ERROR]   location: class com.hospital.superadmin.controller.SuperAdminController
[ERROR] /E:/PCC_General_Hospital/backend/src/main/java/com/hospital/superadmin/controller/SuperAdminController.java:[59,44] cannot find symbol
[ERROR]   symbol:   class BranchDTO
[ERROR]   location: class com.hospital.superadmin.controller.SuperAdminController
[ERROR] /E:/PCC_General_Hospital/backend/src/main/java/com/hospital/superadmin/controller/SuperAdminController.java:[66,27] cannot find symbol
[ERROR]   symbol:   class ApiResponse
[ERROR]   location: class com.hospital.superadmin.controller.SuperAdminController
[ERROR] /E:/PCC_General_Hospital/backend/src/main/java/com/hospital/superadmin/controller/SuperAdminController.java:[66,39] cannot find symbol
[ERROR]   symbol:   class BranchDTO
[ERROR]   location: class com.hospital.superadmin.controller.SuperAdminController
[ERROR] /E:/PCC_General_Hospital/backend/src/main/java/com/hospital/superadmin/controller/SuperAdminController.java:[74,33] cannot find symbol
[ERROR]   symbol:   class CreateBranchRequest
[ERROR]   location: class com.hospital.superadmin.controller.SuperAdminController
[ERROR] /E:/PCC_General_Hospital/backend/src/main/java/com/hospital/superadmin/controller/SuperAdminController.java:[75,26] cannot find symbol
[ERROR]   symbol:   class UserPrincipal
[ERROR]   location: class com.hospital.superadmin.controller.SuperAdminController
[ERROR] /E:/PCC_General_Hospital/backend/src/main/java/com/hospital/superadmin/controller/SuperAdminController.java:[73,27] cannot find symbol
[ERROR]   symbol:   class ApiResponse
[ERROR]   location: class com.hospital.superadmin.controller.SuperAdminController
[ERROR] /E:/PCC_General_Hospital/backend/src/main/java/com/hospital/superadmin/controller/SuperAdminController.java:[73,39] cannot find symbol
[ERROR]   symbol:   class BranchDTO
[ERROR]   location: class com.hospital.superadmin.controller.SuperAdminController
[ERROR] /E:/PCC_General_Hospital/backend/src/main/java/com/hospital/superadmin/controller/SuperAdminController.java:[84,33] cannot find symbol
[ERROR]   symbol:   class UpdateBranchRequest
[ERROR]   location: class com.hospital.superadmin.controller.SuperAdminController
[ERROR] /E:/PCC_General_Hospital/backend/src/main/java/com/hospital/superadmin/controller/SuperAdminController.java:[85,26] cannot find symbol
[ERROR]   symbol:   class UserPrincipal
[ERROR]   location: class com.hospital.superadmin.controller.SuperAdminController
[ERROR] /E:/PCC_General_Hospital/backend/src/main/java/com/hospital/superadmin/controller/SuperAdminController.java:[82,27] cannot find symbol
[ERROR]   symbol:   class ApiResponse
[ERROR]   location: class com.hospital.superadmin.controller.SuperAdminController
[ERROR] /E:/PCC_General_Hospital/backend/src/main/java/com/hospital/superadmin/controller/SuperAdminController.java:[82,39] cannot find symbol
[ERROR]   symbol:   class BranchDTO
[ERROR]   location: class com.hospital.superadmin.controller.SuperAdminController
[ERROR] /E:/PCC_General_Hospital/backend/src/main/java/com/hospital/superadmin/controller/SuperAdminController.java:[92,27] cannot find symbol
[ERROR]   symbol:   class ApiResponse
[ERROR]   location: class com.hospital.superadmin.controller.SuperAdminController
[ERROR] /E:/PCC_General_Hospital/backend/src/main/java/com/hospital/superadmin/controller/SuperAdminController.java:[101,27] cannot find symbol
[ERROR]   symbol:   class ApiResponse
[ERROR]   location: class com.hospital.superadmin.controller.SuperAdminController
[ERROR] /E:/PCC_General_Hospital/backend/src/main/java/com/hospital/superadmin/controller/SuperAdminController.java:[101,39] cannot find symbol
[ERROR]   symbol:   class BranchStatsDTO
[ERROR]   location: class com.hospital.superadmin.controller.SuperAdminController
[ERROR] /E:/PCC_General_Hospital/backend/src/main/java/com/hospital/superadmin/controller/SuperAdminController.java:[110,27] cannot find symbol
[ERROR]   symbol:   class ApiResponse
[ERROR]   location: class com.hospital.superadmin.controller.SuperAdminController
[ERROR] /E:/PCC_General_Hospital/backend/src/main/java/com/hospital/superadmin/controller/SuperAdminController.java:[110,44] cannot find symbol
[ERROR]   symbol:   class UserDTO
[ERROR]   location: class com.hospital.superadmin.controller.SuperAdminController
[ERROR] /E:/PCC_General_Hospital/backend/src/main/java/com/hospital/superadmin/controller/SuperAdminController.java:[121,27] cannot find symbol
[ERROR]   symbol:   class ApiResponse
[ERROR]   location: class com.hospital.superadmin.controller.SuperAdminController
[ERROR] /E:/PCC_General_Hospital/backend/src/main/java/com/hospital/superadmin/controller/SuperAdminController.java:[121,39] cannot find symbol
[ERROR]   symbol:   class UserDTO
[ERROR]   location: class com.hospital.superadmin.controller.SuperAdminController
[ERROR] /E:/PCC_General_Hospital/backend/src/main/java/com/hospital/superadmin/controller/SuperAdminController.java:[129,33] cannot find symbol
[ERROR]   symbol:   class CreateBranchAdminRequest
[ERROR]   location: class com.hospital.superadmin.controller.SuperAdminController
[ERROR] /E:/PCC_General_Hospital/backend/src/main/java/com/hospital/superadmin/controller/SuperAdminController.java:[130,26] cannot find symbol
[ERROR]   symbol:   class UserPrincipal
[ERROR]   location: class com.hospital.superadmin.controller.SuperAdminController
[ERROR] /E:/PCC_General_Hospital/backend/src/main/java/com/hospital/superadmin/controller/SuperAdminController.java:[128,27] cannot find symbol
[ERROR]   symbol:   class ApiResponse
[ERROR]   location: class com.hospital.superadmin.controller.SuperAdminController
[ERROR] /E:/PCC_General_Hospital/backend/src/main/java/com/hospital/superadmin/controller/SuperAdminController.java:[128,39] cannot find symbol
[ERROR]   symbol:   class UserDTO
[ERROR]   location: class com.hospital.superadmin.controller.SuperAdminController
[ERROR] /E:/PCC_General_Hospital/backend/src/main/java/com/hospital/superadmin/controller/SuperAdminController.java:[138,33] cannot find symbol
[ERROR]   symbol:   class CreateCentralPharmacyAdminRequest
[ERROR]   location: class com.hospital.superadmin.controller.SuperAdminController
[ERROR] /E:/PCC_General_Hospital/backend/src/main/java/com/hospital/superadmin/controller/SuperAdminController.java:[139,26] cannot find symbol
[ERROR]   symbol:   class UserPrincipal
[ERROR]   location: class com.hospital.superadmin.controller.SuperAdminController
[ERROR] /E:/PCC_General_Hospital/backend/src/main/java/com/hospital/superadmin/controller/SuperAdminController.java:[137,27] cannot find symbol
[ERROR]   symbol:   class ApiResponse
[ERROR]   location: class com.hospital.superadmin.controller.SuperAdminController
[ERROR] /E:/PCC_General_Hospital/backend/src/main/java/com/hospital/superadmin/controller/SuperAdminController.java:[137,39] cannot find symbol
[ERROR]   symbol:   class UserDTO
[ERROR]   location: class com.hospital.superadmin.controller.SuperAdminController
[ERROR] /E:/PCC_General_Hospital/backend/src/main/java/com/hospital/superadmin/controller/SuperAdminController.java:[148,33] cannot find symbol
[ERROR]   symbol:   class UpdateUserRequest
[ERROR]   location: class com.hospital.superadmin.controller.SuperAdminController
[ERROR] /E:/PCC_General_Hospital/backend/src/main/java/com/hospital/superadmin/controller/SuperAdminController.java:[149,26] cannot find symbol
[ERROR]   symbol:   class UserPrincipal
[ERROR]   location: class com.hospital.superadmin.controller.SuperAdminController
[ERROR] /E:/PCC_General_Hospital/backend/src/main/java/com/hospital/superadmin/controller/SuperAdminController.java:[146,27] cannot find symbol
[ERROR]   symbol:   class ApiResponse
[ERROR]   location: class com.hospital.superadmin.controller.SuperAdminController
[ERROR] /E:/PCC_General_Hospital/backend/src/main/java/com/hospital/superadmin/controller/SuperAdminController.java:[146,39] cannot find symbol
[ERROR]   symbol:   class UserDTO
[ERROR]   location: class com.hospital.superadmin.controller.SuperAdminController
[ERROR] /E:/PCC_General_Hospital/backend/src/main/java/com/hospital/superadmin/controller/SuperAdminController.java:[159,26] cannot find symbol
[ERROR]   symbol:   class UserPrincipal
[ERROR]   location: class com.hospital.superadmin.controller.SuperAdminController
[ERROR] /E:/PCC_General_Hospital/backend/src/main/java/com/hospital/superadmin/controller/SuperAdminController.java:[156,27] cannot find symbol
[ERROR]   symbol:   class ApiResponse
[ERROR]   location: class com.hospital.superadmin.controller.SuperAdminController
[ERROR] /E:/PCC_General_Hospital/backend/src/main/java/com/hospital/superadmin/controller/SuperAdminController.java:[156,39] cannot find symbol
[ERROR]   symbol:   class UserDTO
[ERROR]   location: class com.hospital.superadmin.controller.SuperAdminController
[ERROR] /E:/PCC_General_Hospital/backend/src/main/java/com/hospital/superadmin/controller/SuperAdminController.java:[170,26] cannot find symbol
[ERROR]   symbol:   class UserPrincipal
[ERROR]   location: class com.hospital.superadmin.controller.SuperAdminController
[ERROR] /E:/PCC_General_Hospital/backend/src/main/java/com/hospital/superadmin/controller/SuperAdminController.java:[168,27] cannot find symbol
[ERROR]   symbol:   class ApiResponse
[ERROR]   location: class com.hospital.superadmin.controller.SuperAdminController
[ERROR] /E:/PCC_General_Hospital/backend/src/main/java/com/hospital/superadmin/controller/SuperAdminController.java:[168,39] cannot find symbol
[ERROR]   symbol:   class PasswordResetDTO
[ERROR]   location: class com.hospital.superadmin.controller.SuperAdminController
[ERROR] /E:/PCC_General_Hospital/backend/src/main/java/com/hospital/superadmin/controller/SuperAdminController.java:[179,27] cannot find symbol
[ERROR]   symbol:   class ApiResponse
[ERROR]   location: class com.hospital.superadmin.controller.SuperAdminController
[ERROR] /E:/PCC_General_Hospital/backend/src/main/java/com/hospital/superadmin/controller/SuperAdminController.java:[179,44] cannot find symbol
[ERROR]   symbol:   class RoleDTO
[ERROR]   location: class com.hospital.superadmin.controller.SuperAdminController
[ERROR] /E:/PCC_General_Hospital/backend/src/main/java/com/hospital/superadmin/controller/SuperAdminController.java:[186,27] cannot find symbol
[ERROR]   symbol:   class ApiResponse
[ERROR]   location: class com.hospital.superadmin.controller.SuperAdminController
[ERROR] /E:/PCC_General_Hospital/backend/src/main/java/com/hospital/superadmin/controller/SuperAdminController.java:[186,44] cannot find symbol
[ERROR]   symbol:   class PermissionDTO
[ERROR]   location: class com.hospital.superadmin.controller.SuperAdminController
[ERROR] /E:/PCC_General_Hospital/backend/src/main/java/com/hospital/superadmin/controller/SuperAdminController.java:[196,26] cannot find symbol
[ERROR]   symbol:   class UserPrincipal
[ERROR]   location: class com.hospital.superadmin.controller.SuperAdminController
[ERROR] /E:/PCC_General_Hospital/backend/src/main/java/com/hospital/superadmin/controller/SuperAdminController.java:[193,27] cannot find symbol
[ERROR]   symbol:   class ApiResponse
[ERROR]   location: class com.hospital.superadmin.controller.SuperAdminController
[ERROR] /E:/PCC_General_Hospital/backend/src/main/java/com/hospital/superadmin/controller/SuperAdminController.java:[205,27] cannot find symbol
[ERROR]   symbol:   class ApiResponse
[ERROR]   location: class com.hospital.superadmin.controller.SuperAdminController
[ERROR] /E:/PCC_General_Hospital/backend/src/main/java/com/hospital/superadmin/controller/SuperAdminController.java:[205,44] cannot find symbol
[ERROR]   symbol:   class BranchComparisonDTO
[ERROR]   location: class com.hospital.superadmin.controller.SuperAdminController
[ERROR] /E:/PCC_General_Hospital/backend/src/main/java/com/hospital/superadmin/controller/SuperAdminController.java:[212,27] cannot find symbol
[ERROR]   symbol:   class ApiResponse
[ERROR]   location: class com.hospital.superadmin.controller.SuperAdminController
[ERROR] /E:/PCC_General_Hospital/backend/src/main/java/com/hospital/superadmin/controller/SuperAdminController.java:[212,44] cannot find symbol
[ERROR]   symbol:   class UserActivityReportDTO
[ERROR]   location: class com.hospital.superadmin.controller.SuperAdminController
[ERROR] /E:/PCC_General_Hospital/backend/src/main/java/com/hospital/superadmin/controller/SuperAdminController.java:[237,27] cannot find symbol
[ERROR]   symbol:   class ApiResponse
[ERROR]   location: class com.hospital.superadmin.controller.SuperAdminController
[ERROR] /E:/PCC_General_Hospital/backend/src/main/java/com/hospital/superadmin/controller/SuperAdminController.java:[237,44] cannot find symbol
[ERROR]   symbol:   class AuditLogDTO
[ERROR]   location: class com.hospital.superadmin.controller.SuperAdminController
[ERROR] /E:/PCC_General_Hospital/backend/src/main/java/com/hospital/superadmin/controller/SuperAdminController.java:[251,27] cannot find symbol
[ERROR]   symbol:   class ApiResponse
[ERROR]   location: class com.hospital.superadmin.controller.SuperAdminController
[ERROR] /E:/PCC_General_Hospital/backend/src/main/java/com/hospital/superadmin/controller/SuperAdminController.java:[251,39] cannot find symbol
[ERROR]   symbol:   class SystemSettingsDTO
[ERROR]   location: class com.hospital.superadmin.controller.SuperAdminController
[ERROR] /E:/PCC_General_Hospital/backend/src/main/java/com/hospital/superadmin/controller/SuperAdminController.java:[259,33] cannot find symbol
[ERROR]   symbol:   class UpdateSystemSettingsRequest
[ERROR]   location: class com.hospital.superadmin.controller.SuperAdminController
[ERROR] /E:/PCC_General_Hospital/backend/src/main/java/com/hospital/superadmin/controller/SuperAdminController.java:[260,26] cannot find symbol
[ERROR]   symbol:   class UserPrincipal
[ERROR]   location: class com.hospital.superadmin.controller.SuperAdminController
[ERROR] /E:/PCC_General_Hospital/backend/src/main/java/com/hospital/superadmin/controller/SuperAdminController.java:[258,27] cannot find symbol
[ERROR]   symbol:   class ApiResponse
[ERROR]   location: class com.hospital.superadmin.controller.SuperAdminController
[ERROR] /E:/PCC_General_Hospital/backend/src/main/java/com/hospital/superadmin/controller/SuperAdminController.java:[258,39] cannot find symbol
[ERROR]   symbol:   class SystemSettingsDTO
[ERROR]   location: class com.hospital.superadmin.controller.SuperAdminController
[ERROR] /E:/PCC_General_Hospital/backend/src/main/java/com/hospital/superadmin/controller/SuperAdminController.java:[269,77] cannot find symbol
[ERROR]   symbol:   class UserPrincipal
[ERROR]   location: class com.hospital.superadmin.controller.SuperAdminController
[ERROR] /E:/PCC_General_Hospital/backend/src/main/java/com/hospital/superadmin/controller/SuperAdminController.java:[269,27] cannot find symbol
[ERROR]   symbol:   class ApiResponse
[ERROR]   location: class com.hospital.superadmin.controller.SuperAdminController
[ERROR] /E:/PCC_General_Hospital/backend/src/main/java/com/hospital/superadmin/controller/SuperAdminController.java:[269,39] cannot find symbol
[ERROR]   symbol:   class BackupDTO
[ERROR]   location: class com.hospital.superadmin.controller.SuperAdminController
[ERROR] /E:/PCC_General_Hospital/backend/src/main/java/com/hospital/superadmin/controller/SuperAdminController.java:[276,27] cannot find symbol
[ERROR]   symbol:   class ApiResponse
[ERROR]   location: class com.hospital.superadmin.controller.SuperAdminController
[ERROR] /E:/PCC_General_Hospital/backend/src/main/java/com/hospital/superadmin/controller/SuperAdminController.java:[276,44] cannot find symbol
[ERROR]   symbol:   class BackupDTO
[ERROR]   location: class com.hospital.superadmin.controller.SuperAdminController
[ERROR] /E:/PCC_General_Hospital/backend/src/main/java/com/hospital/superadmin/controller/SuperAdminController.java:[285,26] cannot find symbol
[ERROR]   symbol:   class UserPrincipal
[ERROR]   location: class com.hospital.superadmin.controller.SuperAdminController
[ERROR] /E:/PCC_General_Hospital/backend/src/main/java/com/hospital/superadmin/controller/SuperAdminController.java:[283,27] cannot find symbol
[ERROR]   symbol:   class ApiResponse
[ERROR]   location: class com.hospital.superadmin.controller.SuperAdminController
[ERROR] /E:/PCC_General_Hospital/backend/src/main/java/com/hospital/superadmin/service/SuperAdminService.java:[13,5] cannot find symbol
[ERROR]   symbol:   class DashboardStatsDTO
[ERROR]   location: interface com.hospital.superadmin.service.SuperAdminService
[ERROR] /E:/PCC_General_Hospital/backend/src/main/java/com/hospital/superadmin/service/SuperAdminService.java:[15,10] cannot find symbol
[ERROR]   symbol:   class ActivityDTO
[ERROR]   location: interface com.hospital.superadmin.service.SuperAdminService
[ERROR] /E:/PCC_General_Hospital/backend/src/main/java/com/hospital/superadmin/service/SuperAdminService.java:[17,5] cannot find symbol
[ERROR]   symbol:   class SystemHealthDTO
[ERROR]   location: interface com.hospital.superadmin.service.SuperAdminService
[ERROR] /E:/PCC_General_Hospital/backend/src/main/java/com/hospital/superadmin/service/SuperAdminService.java:[20,10] cannot find symbol
[ERROR]   symbol:   class BranchDTO
[ERROR]   location: interface com.hospital.superadmin.service.SuperAdminService
[ERROR] /E:/PCC_General_Hospital/backend/src/main/java/com/hospital/superadmin/service/SuperAdminService.java:[22,5] cannot find symbol
[ERROR]   symbol:   class BranchDTO
[ERROR]   location: interface com.hospital.superadmin.service.SuperAdminService
[ERROR] /E:/PCC_General_Hospital/backend/src/main/java/com/hospital/superadmin/service/SuperAdminService.java:[24,28] cannot find symbol
[ERROR]   symbol:   class CreateBranchRequest
[ERROR]   location: interface com.hospital.superadmin.service.SuperAdminService
[ERROR] /E:/PCC_General_Hospital/backend/src/main/java/com/hospital/superadmin/service/SuperAdminService.java:[24,5] cannot find symbol
[ERROR]   symbol:   class BranchDTO
[ERROR]   location: interface com.hospital.superadmin.service.SuperAdminService
[ERROR] /E:/PCC_General_Hospital/backend/src/main/java/com/hospital/superadmin/service/SuperAdminService.java:[26,37] cannot find symbol
[ERROR]   symbol:   class UpdateBranchRequest
[ERROR]   location: interface com.hospital.superadmin.service.SuperAdminService
[ERROR] /E:/PCC_General_Hospital/backend/src/main/java/com/hospital/superadmin/service/SuperAdminService.java:[26,5] cannot find symbol
[ERROR]   symbol:   class BranchDTO
[ERROR]   location: interface com.hospital.superadmin.service.SuperAdminService
[ERROR] /E:/PCC_General_Hospital/backend/src/main/java/com/hospital/superadmin/service/SuperAdminService.java:[30,5] cannot find symbol
[ERROR]   symbol:   class BranchStatsDTO
[ERROR]   location: interface com.hospital.superadmin.service.SuperAdminService
[ERROR] /E:/PCC_General_Hospital/backend/src/main/java/com/hospital/superadmin/service/SuperAdminService.java:[33,10] cannot find symbol
[ERROR]   symbol:   class UserDTO
[ERROR]   location: interface com.hospital.superadmin.service.SuperAdminService
[ERROR] /E:/PCC_General_Hospital/backend/src/main/java/com/hospital/superadmin/service/SuperAdminService.java:[35,5] cannot find symbol
[ERROR]   symbol:   class UserDTO
[ERROR]   location: interface com.hospital.superadmin.service.SuperAdminService
[ERROR] /E:/PCC_General_Hospital/backend/src/main/java/com/hospital/superadmin/service/SuperAdminService.java:[37,31] cannot find symbol
[ERROR]   symbol:   class CreateBranchAdminRequest
[ERROR]   location: interface com.hospital.superadmin.service.SuperAdminService
[ERROR] /E:/PCC_General_Hospital/backend/src/main/java/com/hospital/superadmin/service/SuperAdminService.java:[37,5] cannot find symbol
[ERROR]   symbol:   class UserDTO
[ERROR]   location: interface com.hospital.superadmin.service.SuperAdminService
[ERROR] /E:/PCC_General_Hospital/backend/src/main/java/com/hospital/superadmin/service/SuperAdminService.java:[39,40] cannot find symbol
[ERROR]   symbol:   class CreateCentralPharmacyAdminRequest
[ERROR]   location: interface com.hospital.superadmin.service.SuperAdminService
[ERROR] /E:/PCC_General_Hospital/backend/src/main/java/com/hospital/superadmin/service/SuperAdminService.java:[39,5] cannot find symbol
[ERROR]   symbol:   class UserDTO
[ERROR]   location: interface com.hospital.superadmin.service.SuperAdminService
[ERROR] /E:/PCC_General_Hospital/backend/src/main/java/com/hospital/superadmin/service/SuperAdminService.java:[41,33] cannot find symbol
[ERROR]   symbol:   class UpdateUserRequest
[ERROR]   location: interface com.hospital.superadmin.service.SuperAdminService
[ERROR] /E:/PCC_General_Hospital/backend/src/main/java/com/hospital/superadmin/service/SuperAdminService.java:[41,5] cannot find symbol
[ERROR]   symbol:   class UserDTO
[ERROR]   location: interface com.hospital.superadmin.service.SuperAdminService
[ERROR] /E:/PCC_General_Hospital/backend/src/main/java/com/hospital/superadmin/service/SuperAdminService.java:[43,5] cannot find symbol
[ERROR]   symbol:   class UserDTO
[ERROR]   location: interface com.hospital.superadmin.service.SuperAdminService
[ERROR] /E:/PCC_General_Hospital/backend/src/main/java/com/hospital/superadmin/service/SuperAdminService.java:[45,5] cannot find symbol
[ERROR]   symbol:   class PasswordResetDTO
[ERROR]   location: interface com.hospital.superadmin.service.SuperAdminService
[ERROR] /E:/PCC_General_Hospital/backend/src/main/java/com/hospital/superadmin/service/SuperAdminService.java:[48,10] cannot find symbol
[ERROR]   symbol:   class RoleDTO
[ERROR]   location: interface com.hospital.superadmin.service.SuperAdminService
[ERROR] /E:/PCC_General_Hospital/backend/src/main/java/com/hospital/superadmin/service/SuperAdminService.java:[50,10] cannot find symbol
[ERROR]   symbol:   class PermissionDTO
[ERROR]   location: interface com.hospital.superadmin.service.SuperAdminService
[ERROR] /E:/PCC_General_Hospital/backend/src/main/java/com/hospital/superadmin/service/SuperAdminService.java:[55,10] cannot find symbol
[ERROR]   symbol:   class BranchComparisonDTO
[ERROR]   location: interface com.hospital.superadmin.service.SuperAdminService
[ERROR] /E:/PCC_General_Hospital/backend/src/main/java/com/hospital/superadmin/service/SuperAdminService.java:[57,10] cannot find symbol
[ERROR]   symbol:   class UserActivityReportDTO
[ERROR]   location: interface com.hospital.superadmin.service.SuperAdminService
[ERROR] /E:/PCC_General_Hospital/backend/src/main/java/com/hospital/superadmin/service/SuperAdminService.java:[62,10] cannot find symbol
[ERROR]   symbol:   class AuditLogDTO
[ERROR]   location: interface com.hospital.superadmin.service.SuperAdminService
[ERROR] /E:/PCC_General_Hospital/backend/src/main/java/com/hospital/superadmin/service/SuperAdminService.java:[66,5] cannot find symbol
[ERROR]   symbol:   class SystemSettingsDTO
[ERROR]   location: interface com.hospital.superadmin.service.SuperAdminService
[ERROR] -> [Help 1]
[ERROR] 
[ERROR] To see the full stack trace of the errors, re-run Maven with the -e switch.
[ERROR] Re-run Maven using the -X switch to enable full debug logging.
[ERROR] 
[ERROR] For more information about the errors and possible solutions, please read the following articles:
[ERROR] [Help 1] http://cwiki.apache.org/confluence/display/MAVEN/MojoFailureException
